===== ANALYST laguna 2026-09-03 17:18:26 UTC =====
[91m[1mError: [0m{
  "name": "UnknownError",
  "data": {
    "message": "Unexpected server error. Check server logs for details.",
    "ref": "err_32270386"
  }
}
===== ANALYST laguna 2026-09-03 20:05:21 UTC =====
[91m[1mError: [0m{
  "name": "UnknownError",
  "data": {
    "message": "Unexpected server error. Check server logs for details.",
    "ref": "err_5a506c07"
  }
}
===== ANALYST laguna 2026-09-03 22:40:48 UTC =====
[91m[1mError: [0m{
  "name": "UnknownError",
  "data": {
    "message": "Unexpected server error. Check server logs for details.",
    "ref": "err_7437e13b"
  }
}
===== ANALYST laguna 2026-09-04 00:31:27 UTC =====
[91m[1mError: [0m{
  "name": "UnknownError",
  "data": {
    "message": "Unexpected server error. Check server logs for details.",
    "ref": "err_8797668c"
  }
}
===== ANALYST laguna 2026-09-04 05:08:52 UTC =====
[91m[1mError: [0m{
  "name": "UnknownError",
  "data": {
    "message": "Unexpected server error. Check server logs for details.",
    "ref": "err_cc7b176c"
  }
}
===== ANALYST laguna 2026-09-04 09:52:31 UTC =====
[91m[1mError: [0m{
  "name": "UnknownError",
  "data": {
    "message": "Unexpected server error. Check server logs for details.",
    "ref": "err_1b4ea18c"
  }
}
===== ANALYST laguna 2026-09-04 14:20:04 UTC =====
[91m[1mError: [0m{
  "name": "UnknownError",
  "data": {
    "message": "Unexpected server error. Check server logs for details.",
    "ref": "err_fd2a201f"
  }
}
===== ANALYST laguna 2026-09-04 17:53:31 UTC =====
[91m[1mError: [0m{
  "name": "UnknownError",
  "data": {
    "message": "Unexpected server error. Check server logs for details.",
    "ref": "err_aeb03999"
  }
}
===== ANALYST laguna 2026-09-04 20:00:09 UTC =====
[91m[1mError: [0m{
  "name": "UnknownError",
  "data": {
    "message": "Unexpected server error. Check server logs for details.",
    "ref": "err_9ac34d6e"
  }
}
===== ANALYST laguna 2026-09-04 22:18:36 UTC =====
[91m[1mError: [0m{
  "name": "UnknownError",
  "data": {
    "message": "Unexpected server error. Check server logs for details.",
    "ref": "err_df0bb41c"
  }
}
===== ANALYST laguna 2026-09-05 00:15:44 UTC =====
[91m[1mError: [0m{
  "name": "UnknownError",
  "data": {
    "message": "Unexpected server error. Check server logs for details.",
    "ref": "err_bf78e82e"
  }
}
===== ANALYST laguna 2026-09-05 04:41:45 UTC =====
[91m[1mError: [0m{
  "name": "UnknownError",
  "data": {
    "message": "Unexpected server error. Check server logs for details.",
    "ref": "err_0aa8f945"
  }
}
===== ANALYST laguna 2026-09-05 08:41:50 UTC =====
[91m[1mError: [0m{
  "name": "UnknownError",
  "data": {
    "message": "Unexpected server error. Check server logs for details.",
    "ref": "err_fb89c10f"
  }
}
===== ANALYST laguna 2026-09-05 12:18:13 UTC =====
[91m[1mError: [0m{
  "name": "UnknownError",
  "data": {
    "message": "Unexpected server error. Check server logs for details.",
    "ref": "err_9965433b"
  }
}
===== ANALYST laguna 2026-09-05 15:39:40 UTC =====
[91m[1mError: [0m{
  "name": "UnknownError",
  "data": {
    "message": "Unexpected server error. Check server logs for details.",
    "ref": "err_43a15062"
  }
}
===== ANALYST laguna 2026-09-05 17:40:32 UTC =====
[91m[1mError: [0m{
  "name": "UnknownError",
  "data": {
    "message": "Unexpected server error. Check server logs for details.",
    "ref": "err_8463095d"
  }
}
===== ANALYST laguna 2026-09-05 19:40:37 UTC =====
[91m[1mError: [0m{
  "name": "UnknownError",
  "data": {
    "message": "Unexpected server error. Check server logs for details.",
    "ref": "err_f243e5ea"
  }
}
===== ANALYST laguna 2026-09-05 21:49:28 UTC =====
[91m[1mError: [0m{
  "name": "UnknownError",
  "data": {
    "message": "Unexpected server error. Check server logs for details.",
    "ref": "err_66895182"
  }
}
===== ANALYST laguna 2026-09-05 23:42:02 UTC =====
[91m[1mError: [0m{
  "name": "UnknownError",
  "data": {
    "message": "Unexpected server error. Check server logs for details.",
    "ref": "err_67a16bbe"
  }
}
===== ANALYST laguna 2026-09-06 01:24:35 UTC =====
[91m[1mError: [0m{
  "name": "UnknownError",
  "data": {
    "message": "Unexpected server error. Check server logs for details.",
    "ref": "err_55176ed5"
  }
}
===== ANALYST laguna 2026-09-06 06:31:38 UTC =====
[91m[1mError: [0m{
  "name": "UnknownError",
  "data": {
    "message": "Unexpected server error. Check server logs for details.",
    "ref": "err_82c91229"
  }
}
===== ANALYST laguna 2026-09-06 11:33:02 UTC =====
[91m[1mError: [0m{
  "name": "UnknownError",
  "data": {
    "message": "Unexpected server error. Check server logs for details.",
    "ref": "err_0cd57689"
  }
}
===== ANALYST laguna 2026-09-06 14:36:18 UTC =====
[91m[1mError: [0m{
  "name": "UnknownError",
  "data": {
    "message": "Unexpected server error. Check server logs for details.",
    "ref": "err_c292a2d9"
  }
}
===== ANALYST laguna 2026-09-06 17:24:34 UTC =====
[91m[1mError: [0m{
  "name": "UnknownError",
  "data": {
    "message": "Unexpected server error. Check server logs for details.",
    "ref": "err_393a3af1"
  }
}
===== ANALYST laguna 2026-09-06 19:36:36 UTC =====
[91m[1mError: [0m{
  "name": "UnknownError",
  "data": {
    "message": "Unexpected server error. Check server logs for details.",
    "ref": "err_e5fa7b3e"
  }
}
===== ANALYST laguna 2026-09-06 21:44:35 UTC =====
[91m[1mError: [0m{
  "name": "UnknownError",
  "data": {
    "message": "Unexpected server error. Check server logs for details.",
    "ref": "err_4a6e1c6a"
  }
}
===== ANALYST laguna 2026-09-06 23:39:52 UTC =====
[91m[1mError: [0m{
  "name": "UnknownError",
  "data": {
    "message": "Unexpected server error. Check server logs for details.",
    "ref": "err_b2a54965"
  }
}
===== ANALYST laguna 2026-09-07 01:23:24 UTC =====
[91m[1mError: [0m{
  "name": "UnknownError",
  "data": {
    "message": "Unexpected server error. Check server logs for details.",
    "ref": "err_ea318946"
  }
}
===== ANALYST laguna 2026-09-07 06:14:59 UTC =====
[91m[1mError: [0m{
  "name": "UnknownError",
  "data": {
    "message": "Unexpected server error. Check server logs for details.",
    "ref": "err_64fa89a7"
  }
}
===== ANALYST laguna 2026-09-07 12:50:04 UTC =====
[91m[1mError: [0m{
  "name": "UnknownError",
  "data": {
    "message": "Unexpected server error. Check server logs for details.",
    "ref": "err_1321ef74"
  }
}
===== ANALYST laguna 2026-09-07 18:20:43 UTC =====
[91m[1mError: [0m{
  "name": "UnknownError",
  "data": {
    "message": "Unexpected server error. Check server logs for details.",
    "ref": "err_76d4d743"
  }
}
===== ANALYST laguna 2026-09-07 21:39:26 UTC =====
[91m[1mError: [0m{
  "name": "UnknownError",
  "data": {
    "message": "Unexpected server error. Check server logs for details.",
    "ref": "err_f62a9842"
  }
}
===== ANALYST laguna 2026-09-07 23:48:21 UTC =====
[91m[1mError: [0m{
  "name": "UnknownError",
  "data": {
    "message": "Unexpected server error. Check server logs for details.",
    "ref": "err_b723f2b4"
  }
}
===== ANALYST laguna 2026-09-08 03:53:58 UTC =====
[91m[1mError: [0m{
  "name": "UnknownError",
  "data": {
    "message": "Unexpected server error. Check server logs for details.",
    "ref": "err_aa4fd1c1"
  }
}
===== ANALYST laguna 2026-09-08 08:49:45 UTC =====
[91m[1mError: [0m{
  "name": "UnknownError",
  "data": {
    "message": "Unexpected server error. Check server logs for details.",
    "ref": "err_b5427852"
  }
}
===== ANALYST laguna 2026-09-08 13:29:01 UTC =====
[91m[1mError: [0m{
  "name": "UnknownError",
  "data": {
    "message": "Unexpected server error. Check server logs for details.",
    "ref": "err_e4dae8bb"
  }
}
===== ANALYST laguna 2026-09-08 17:44:25 UTC =====
[91m[1mError: [0m{
  "name": "UnknownError",
  "data": {
    "message": "Unexpected server error. Check server logs for details.",
    "ref": "err_085e94be"
  }
}
===== ANALYST laguna 2026-09-08 20:18:43 UTC =====
[91m[1mError: [0m{
  "name": "UnknownError",
  "data": {
    "message": "Unexpected server error. Check server logs for details.",
    "ref": "err_6e0f950c"
  }
}
===== ANALYST laguna 2026-09-08 22:47:28 UTC =====
[91m[1mError: [0m{
  "name": "UnknownError",
  "data": {
    "message": "Unexpected server error. Check server logs for details.",
    "ref": "err_824a5169"
  }
}
===== ANALYST laguna 2026-09-09 01:09:29 UTC =====
[91m[1mError: [0m{
  "name": "UnknownError",
  "data": {
    "message": "Unexpected server error. Check server logs for details.",
    "ref": "err_a97995c4"
  }
}
===== ANALYST laguna 2026-09-09 06:09:54 UTC =====
[91m[1mError: [0m{
  "name": "UnknownError",
  "data": {
    "message": "Unexpected server error. Check server logs for details.",
    "ref": "err_02f418bc"
  }
}
===== ANALYST laguna 2026-09-09 11:38:18 UTC =====
[91m[1mError: [0m{
  "name": "UnknownError",
  "data": {
    "message": "Unexpected server error. Check server logs for details.",
    "ref": "err_7102b437"
  }
}
===== ANALYST laguna 2026-09-09 15:37:57 UTC =====
[91m[1mError: [0m{
  "name": "UnknownError",
  "data": {
    "message": "Unexpected server error. Check server logs for details.",
    "ref": "err_b75e507d"
  }
}
===== ANALYST laguna 2026-09-09 18:47:04 UTC =====
[91m[1mError: [0m{
  "name": "UnknownError",
  "data": {
    "message": "Unexpected server error. Check server logs for details.",
    "ref": "err_221edae2"
  }
}
===== ANALYST laguna 2026-09-09 21:35:39 UTC =====
[91m[1mError: [0m{
  "name": "UnknownError",
  "data": {
    "message": "Unexpected server error. Check server logs for details.",
    "ref": "err_a4bdd913"
  }
}
===== ANALYST laguna 2026-09-09 23:36:19 UTC =====
[91m[1mError: [0m{
  "name": "UnknownError",
  "data": {
    "message": "Unexpected server error. Check server logs for details.",
    "ref": "err_05b33de0"
  }
}
===== ANALYST laguna 2026-09-10 01:31:13 UTC =====
[91m[1mError: [0m{
  "name": "UnknownError",
  "data": {
    "message": "Unexpected server error. Check server logs for details.",
    "ref": "err_e34b8146"
  }
}
===== ANALYST laguna 2026-09-10 06:57:27 UTC =====
[91m[1mError: [0m{
  "name": "UnknownError",
  "data": {
    "message": "Unexpected server error. Check server logs for details.",
    "ref": "err_14d3f9c8"
  }
}
===== ANALYST laguna 2026-09-10 12:01:44 UTC =====
[91m[1mError: [0m{
  "name": "UnknownError",
  "data": {
    "message": "Unexpected server error. Check server logs for details.",
    "ref": "err_05cd316a"
  }
}
===== ANALYST laguna 2026-09-10 16:19:25 UTC =====
[91m[1mError: [0m{
  "name": "UnknownError",
  "data": {
    "message": "Unexpected server error. Check server logs for details.",
    "ref": "err_6ec1ef3e"
  }
}
===== ANALYST laguna 2026-09-10 19:13:09 UTC =====
[91m[1mError: [0m{
  "name": "UnknownError",
  "data": {
    "message": "Unexpected server error. Check server logs for details.",
    "ref": "err_2bac6c32"
  }
}
===== ANALYST laguna 2026-09-10 21:43:28 UTC =====
[91m[1mError: [0m{
  "name": "UnknownError",
  "data": {
    "message": "Unexpected server error. Check server logs for details.",
    "ref": "err_078cd985"
  }
}
===== ANALYST laguna 2026-09-10 23:54:10 UTC =====
[91m[1mError: [0m{
  "name": "UnknownError",
  "data": {
    "message": "Unexpected server error. Check server logs for details.",
    "ref": "err_8c0adb87"
  }
}
===== ANALYST laguna 2026-09-11 03:53:43 UTC =====
[91m[1mError: [0m{
  "name": "UnknownError",
  "data": {
    "message": "Unexpected server error. Check server logs for details.",
    "ref": "err_52c209f7"
  }
}
===== ANALYST laguna 2026-09-11 08:50:10 UTC =====
[91m[1mError: [0m{
  "name": "UnknownError",
  "data": {
    "message": "Unexpected server error. Check server logs for details.",
    "ref": "err_a13a9b6c"
  }
}
===== ANALYST laguna 2026-09-11 13:42:50 UTC =====
[91m[1mError: [0m{
  "name": "UnknownError",
  "data": {
    "message": "Unexpected server error. Check server logs for details.",
    "ref": "err_ad854a4c"
  }
}
===== ANALYST laguna 2026-09-11 17:23:07 UTC =====
[91m[1mError: [0m{
  "name": "UnknownError",
  "data": {
    "message": "Unexpected server error. Check server logs for details.",
    "ref": "err_d8cb1048"
  }
}
===== ANALYST laguna 2026-09-11 19:53:10 UTC =====
[91m[1mError: [0m{
  "name": "UnknownError",
  "data": {
    "message": "Unexpected server error. Check server logs for details.",
    "ref": "err_9338048c"
  }
}
===== ANALYST laguna 2026-09-11 22:25:52 UTC =====
[91m[1mError: [0m{
  "name": "UnknownError",
  "data": {
    "message": "Unexpected server error. Check server logs for details.",
    "ref": "err_99bc4eef"
  }
}
===== ANALYST laguna 2026-09-12 00:39:23 UTC =====
[91m[1mError: [0m{
  "name": "UnknownError",
  "data": {
    "message": "Unexpected server error. Check server logs for details.",
    "ref": "err_d294ee8d"
  }
}
===== ANALYST laguna 2026-09-12 05:05:07 UTC =====
[91m[1mError: [0m{
  "name": "UnknownError",
  "data": {
    "message": "Unexpected server error. Check server logs for details.",
    "ref": "err_1d528af9"
  }
}
===== ANALYST laguna 2026-09-12 09:33:46 UTC =====
[91m[1mError: [0m{
  "name": "UnknownError",
  "data": {
    "message": "Unexpected server error. Check server logs for details.",
    "ref": "err_91d1a72a"
  }
}
===== ANALYST laguna 2026-09-12 13:12:20 UTC =====
[91m[1mError: [0m{
  "name": "UnknownError",
  "data": {
    "message": "Unexpected server error. Check server logs for details.",
    "ref": "err_d4acff4e"
  }
}
===== ANALYST laguna 2026-09-12 16:30:40 UTC =====
[91m[1mError: [0m{
  "name": "UnknownError",
  "data": {
    "message": "Unexpected server error. Check server logs for details.",
    "ref": "err_ba85a53a"
  }
}
===== ANALYST laguna 2026-09-12 18:49:22 UTC =====
[91m[1mError: [0m{
  "name": "UnknownError",
  "data": {
    "message": "Unexpected server error. Check server logs for details.",
    "ref": "err_330afb15"
  }
}
===== ANALYST laguna 2026-09-12 21:20:37 UTC =====
[91m[1mError: [0m{
  "name": "UnknownError",
  "data": {
    "message": "Unexpected server error. Check server logs for details.",
    "ref": "err_0abdca0b"
  }
}
===== ANALYST laguna 2026-09-12 23:09:02 UTC =====
[91m[1mError: [0m{
  "name": "UnknownError",
  "data": {
    "message": "Unexpected server error. Check server logs for details.",
    "ref": "err_9f932e89"
  }
}
===== ANALYST laguna 2026-09-13 01:12:40 UTC =====
[91m[1mError: [0m{
  "name": "UnknownError",
  "data": {
    "message": "Unexpected server error. Check server logs for details.",
    "ref": "err_e1d12b39"
  }
}
===== ANALYST laguna 2026-09-13 06:23:10 UTC =====
[91m[1mError: [0m{
  "name": "UnknownError",
  "data": {
    "message": "Unexpected server error. Check server logs for details.",
    "ref": "err_12c5a4cb"
  }
}
===== ANALYST laguna 2026-09-13 12:27:10 UTC =====
[91m[1mError: [0m{
  "name": "UnknownError",
  "data": {
    "message": "Unexpected server error. Check server logs for details.",
    "ref": "err_daddc1ec"
  }
}
===== ANALYST laguna 2026-09-13 16:39:20 UTC =====
[91m[1mError: [0m{
  "name": "UnknownError",
  "data": {
    "message": "Unexpected server error. Check server logs for details.",
    "ref": "err_2a17ea9f"
  }
}
===== ANALYST laguna 2026-09-13 19:08:03 UTC =====
[91m[1mError: [0m{
  "name": "UnknownError",
  "data": {
    "message": "Unexpected server error. Check server logs for details.",
    "ref": "err_d8e4c246"
  }
}
===== ANALYST laguna 2026-09-13 21:25:52 UTC =====
[91m[1mError: [0m{
  "name": "UnknownError",
  "data": {
    "message": "Unexpected server error. Check server logs for details.",
    "ref": "err_63713669"
  }
}
===== ANALYST laguna 2026-09-13 23:34:13 UTC =====
[91m[1mError: [0m{
  "name": "UnknownError",
  "data": {
    "message": "Unexpected server error. Check server logs for details.",
    "ref": "err_6ffb668e"
  }
}
===== ANALYST laguna 2026-09-14 01:44:10 UTC =====
[91m[1mError: [0m{
  "name": "UnknownError",
  "data": {
    "message": "Unexpected server error. Check server logs for details.",
    "ref": "err_8667f3da"
  }
}
===== ANALYST laguna 2026-09-14 07:18:21 UTC =====
[91m[1mError: [0m{
  "name": "UnknownError",
  "data": {
    "message": "Unexpected server error. Check server logs for details.",
    "ref": "err_8bed4979"
  }
}
===== ANALYST laguna 2026-09-14 14:21:20 UTC =====
[91m[1mError: [0m{
  "name": "UnknownError",
  "data": {
    "message": "Unexpected server error. Check server logs for details.",
    "ref": "err_1b893e6e"
  }
}
===== ANALYST laguna 2026-09-14 19:35:42 UTC =====
[91m[1mError: [0m{
  "name": "UnknownError",
  "data": {
    "message": "Unexpected server error. Check server logs for details.",
    "ref": "err_b84c050a"
  }
}
===== ANALYST laguna 2026-09-14 22:47:50 UTC =====
[91m[1mError: [0m{
  "name": "UnknownError",
  "data": {
    "message": "Unexpected server error. Check server logs for details.",
    "ref": "err_4e81c151"
  }
}
===== ANALYST laguna 2026-09-15 01:22:10 UTC =====
[91m[1mError: [0m{
  "name": "UnknownError",
  "data": {
    "message": "Unexpected server error. Check server logs for details.",
    "ref": "err_5c9206a9"
  }
}
===== ANALYST laguna 2026-09-15 06:23:12 UTC =====
[91m[1mError: [0m{
  "name": "UnknownError",
  "data": {
    "message": "Unexpected server error. Check server logs for details.",
    "ref": "err_50f7c27f"
  }
}
===== ANALYST laguna 2026-09-15 11:56:00 UTC =====
[91m[1mError: [0m{
  "name": "UnknownError",
  "data": {
    "message": "Unexpected server error. Check server logs for details.",
    "ref": "err_dc4d95b6"
  }
}
===== ANALYST laguna 2026-09-15 16:47:56 UTC =====
[91m[1mError: [0m{
  "name": "UnknownError",
  "data": {
    "message": "Unexpected server error. Check server logs for details.",
    "ref": "err_5e640af7"
  }
}
===== ANALYST laguna 2026-09-15 19:59:04 UTC =====
[91m[1mError: [0m{
  "name": "UnknownError",
  "data": {
    "message": "Unexpected server error. Check server logs for details.",
    "ref": "err_04b67364"
  }
}
===== ANALYST laguna 2026-09-15 22:59:23 UTC =====
[91m[1mError: [0m{
  "name": "UnknownError",
  "data": {
    "message": "Unexpected server error. Check server logs for details.",
    "ref": "err_1dbcd107"
  }
}
===== ANALYST laguna 2026-09-16 01:13:00 UTC =====
[91m[1mError: [0m{
  "name": "UnknownError",
  "data": {
    "message": "Unexpected server error. Check server logs for details.",
    "ref": "err_85c45184"
  }
}
===== ANALYST laguna 2026-09-16 06:13:19 UTC =====
[91m[1mError: [0m{
  "name": "UnknownError",
  "data": {
    "message": "Unexpected server error. Check server logs for details.",
    "ref": "err_404137cd"
  }
}
===== ANALYST laguna 2026-09-16 11:52:46 UTC =====
[91m[1mError: [0m{
  "name": "UnknownError",
  "data": {
    "message": "Unexpected server error. Check server logs for details.",
    "ref": "err_e38f4ef7"
  }
}
===== ANALYST laguna 2026-09-16 16:36:28 UTC =====
[91m[1mError: [0m{
  "name": "UnknownError",
  "data": {
    "message": "Unexpected server error. Check server logs for details.",
    "ref": "err_016f7d89"
  }
}
===== ANALYST laguna 2026-09-16 20:01:36 UTC =====
[91m[1mError: [0m{
  "name": "UnknownError",
  "data": {
    "message": "Unexpected server error. Check server logs for details.",
    "ref": "err_91a23acb"
  }
}
===== ANALYST laguna 2026-09-16 22:47:17 UTC =====
[91m[1mError: [0m{
  "name": "UnknownError",
  "data": {
    "message": "Unexpected server error. Check server logs for details.",
    "ref": "err_049e532c"
  }
}
===== ANALYST laguna 2026-09-17 01:13:37 UTC =====
[91m[1mError: [0m{
  "name": "UnknownError",
  "data": {
    "message": "Unexpected server error. Check server logs for details.",
    "ref": "err_20cf821d"
  }
}
===== ANALYST laguna 2026-09-17 06:16:09 UTC =====
[91m[1mError: [0m{
  "name": "UnknownError",
  "data": {
    "message": "Unexpected server error. Check server logs for details.",
    "ref": "err_ab4f43cf"
  }
}
===== ANALYST laguna 2026-09-17 11:56:28 UTC =====
[91m[1mError: [0m{
  "name": "UnknownError",
  "data": {
    "message": "Unexpected server error. Check server logs for details.",
    "ref": "err_3558a428"
  }
}
===== ANALYST laguna 2026-09-17 16:37:27 UTC =====
[91m[1mError: [0m{
  "name": "UnknownError",
  "data": {
    "message": "Unexpected server error. Check server logs for details.",
    "ref": "err_1326bd55"
  }
}
===== ANALYST laguna 2026-09-17 19:52:56 UTC =====
[91m[1mError: [0m{
  "name": "UnknownError",
  "data": {
    "message": "Unexpected server error. Check server logs for details.",
    "ref": "err_c6bd68bf"
  }
}
===== ANALYST laguna 2026-09-17 22:45:52 UTC =====
[91m[1mError: [0m{
  "name": "UnknownError",
  "data": {
    "message": "Unexpected server error. Check server logs for details.",
    "ref": "err_3c819999"
  }
}
===== ANALYST laguna 2026-09-18 01:09:38 UTC =====
[91m[1mError: [0m{
  "name": "UnknownError",
  "data": {
    "message": "Unexpected server error. Check server logs for details.",
    "ref": "err_1dd1d515"
  }
}
===== ANALYST laguna 2026-09-18 06:06:16 UTC =====
[91m[1mError: [0m{
  "name": "UnknownError",
  "data": {
    "message": "Unexpected server error. Check server logs for details.",
    "ref": "err_4d4faca2"
  }
}
===== ANALYST laguna 2026-09-18 11:33:06 UTC =====
[91m[1mError: [0m{
  "name": "UnknownError",
  "data": {
    "message": "Unexpected server error. Check server logs for details.",
    "ref": "err_ee89d933"
  }
}
===== ANALYST laguna 2026-09-18 15:12:41 UTC =====
[91m[1mError: [0m{
  "name": "UnknownError",
  "data": {
    "message": "Unexpected server error. Check server logs for details.",
    "ref": "err_e86b89ec"
  }
}
===== ANALYST laguna 2026-09-18 18:47:11 UTC =====
[91m[1mError: [0m{
  "name": "UnknownError",
  "data": {
    "message": "Unexpected server error. Check server logs for details.",
    "ref": "err_ed868c5a"
  }
}
===== ANALYST laguna 2026-09-18 21:19:04 UTC =====
[91m[1mError: [0m{
  "name": "UnknownError",
  "data": {
    "message": "Unexpected server error. Check server logs for details.",
    "ref": "err_63a9e485"
  }
}
===== ANALYST laguna 2026-09-18 23:26:46 UTC =====
[91m[1mError: [0m{
  "name": "UnknownError",
  "data": {
    "message": "Unexpected server error. Check server logs for details.",
    "ref": "err_58f4b8a8"
  }
}
===== ANALYST laguna 2026-09-19 01:37:34 UTC =====
[91m[1mError: [0m{
  "name": "UnknownError",
  "data": {
    "message": "Unexpected server error. Check server logs for details.",
    "ref": "err_bb5c68b0"
  }
}
===== ANALYST laguna 2026-09-19 06:38:53 UTC =====
[91m[1mError: [0m{
  "name": "UnknownError",
  "data": {
    "message": "Unexpected server error. Check server logs for details.",
    "ref": "err_be245626"
  }
}
