===== ANALYST longcat 2026-09-03 17:18:26 UTC =====
[91m[1mError: [0m{
  "name": "UnknownError",
  "data": {
    "message": "Unexpected server error. Check server logs for details.",
    "ref": "err_99059e40"
  }
}
===== ANALYST longcat 2026-09-03 20:05:21 UTC =====
[91m[1mError: [0m{
  "name": "UnknownError",
  "data": {
    "message": "Unexpected server error. Check server logs for details.",
    "ref": "err_1f064c7b"
  }
}
===== ANALYST longcat 2026-09-03 22:40:48 UTC =====
[91m[1mError: [0m{
  "name": "UnknownError",
  "data": {
    "message": "Unexpected server error. Check server logs for details.",
    "ref": "err_7e1cb068"
  }
}
===== ANALYST longcat 2026-09-04 00:31:27 UTC =====
[91m[1mError: [0m{
  "name": "UnknownError",
  "data": {
    "message": "Unexpected server error. Check server logs for details.",
    "ref": "err_c9ff4540"
  }
}
===== ANALYST longcat 2026-09-04 05:08:52 UTC =====
[91m[1mError: [0m{
  "name": "UnknownError",
  "data": {
    "message": "Unexpected server error. Check server logs for details.",
    "ref": "err_3e7d5f30"
  }
}
===== ANALYST longcat 2026-09-04 09:52:31 UTC =====
[91m[1mError: [0m{
  "name": "UnknownError",
  "data": {
    "message": "Unexpected server error. Check server logs for details.",
    "ref": "err_8318c34f"
  }
}
===== ANALYST longcat 2026-09-04 14:20:04 UTC =====
[91m[1mError: [0m{
  "name": "UnknownError",
  "data": {
    "message": "Unexpected server error. Check server logs for details.",
    "ref": "err_3e3801a3"
  }
}
===== ANALYST longcat 2026-09-04 17:53:31 UTC =====
[91m[1mError: [0m{
  "name": "UnknownError",
  "data": {
    "message": "Unexpected server error. Check server logs for details.",
    "ref": "err_b46fb219"
  }
}
===== ANALYST longcat 2026-09-04 20:00:09 UTC =====
[91m[1mError: [0m{
  "name": "UnknownError",
  "data": {
    "message": "Unexpected server error. Check server logs for details.",
    "ref": "err_e65127ca"
  }
}
===== ANALYST longcat 2026-09-04 22:18:36 UTC =====
[91m[1mError: [0m{
  "name": "UnknownError",
  "data": {
    "message": "Unexpected server error. Check server logs for details.",
    "ref": "err_179156eb"
  }
}
===== ANALYST longcat 2026-09-05 00:15:44 UTC =====
[91m[1mError: [0m{
  "name": "UnknownError",
  "data": {
    "message": "Unexpected server error. Check server logs for details.",
    "ref": "err_91843c0e"
  }
}
===== ANALYST longcat 2026-09-05 04:41:45 UTC =====
[91m[1mError: [0m{
  "name": "UnknownError",
  "data": {
    "message": "Unexpected server error. Check server logs for details.",
    "ref": "err_5c520804"
  }
}
===== ANALYST longcat 2026-09-05 08:41:50 UTC =====
[91m[1mError: [0m{
  "name": "UnknownError",
  "data": {
    "message": "Unexpected server error. Check server logs for details.",
    "ref": "err_9f3e54bf"
  }
}
===== ANALYST longcat 2026-09-05 12:18:13 UTC =====
[91m[1mError: [0m{
  "name": "UnknownError",
  "data": {
    "message": "Unexpected server error. Check server logs for details.",
    "ref": "err_c45bade9"
  }
}
===== ANALYST longcat 2026-09-05 15:39:40 UTC =====
[91m[1mError: [0m{
  "name": "UnknownError",
  "data": {
    "message": "Unexpected server error. Check server logs for details.",
    "ref": "err_f0fff0eb"
  }
}
===== ANALYST longcat 2026-09-05 17:40:32 UTC =====
[91m[1mError: [0m{
  "name": "UnknownError",
  "data": {
    "message": "Unexpected server error. Check server logs for details.",
    "ref": "err_03802671"
  }
}
===== ANALYST longcat 2026-09-05 19:40:37 UTC =====
[91m[1mError: [0m{
  "name": "UnknownError",
  "data": {
    "message": "Unexpected server error. Check server logs for details.",
    "ref": "err_d72702ae"
  }
}
===== ANALYST longcat 2026-09-05 21:49:28 UTC =====
[91m[1mError: [0m{
  "name": "UnknownError",
  "data": {
    "message": "Unexpected server error. Check server logs for details.",
    "ref": "err_23b5e9b2"
  }
}
===== ANALYST longcat 2026-09-05 23:42:02 UTC =====
[91m[1mError: [0m{
  "name": "UnknownError",
  "data": {
    "message": "Unexpected server error. Check server logs for details.",
    "ref": "err_46376ee5"
  }
}
===== ANALYST longcat 2026-09-06 01:24:35 UTC =====
[91m[1mError: [0m{
  "name": "UnknownError",
  "data": {
    "message": "Unexpected server error. Check server logs for details.",
    "ref": "err_2185a343"
  }
}
===== ANALYST longcat 2026-09-06 06:31:38 UTC =====
[91m[1mError: [0m{
  "name": "UnknownError",
  "data": {
    "message": "Unexpected server error. Check server logs for details.",
    "ref": "err_bd1e332e"
  }
}
===== ANALYST longcat 2026-09-06 11:33:02 UTC =====
[91m[1mError: [0m{
  "name": "UnknownError",
  "data": {
    "message": "Unexpected server error. Check server logs for details.",
    "ref": "err_3687c28b"
  }
}
===== ANALYST longcat 2026-09-06 14:36:18 UTC =====
[91m[1mError: [0m{
  "name": "UnknownError",
  "data": {
    "message": "Unexpected server error. Check server logs for details.",
    "ref": "err_951f663b"
  }
}
===== ANALYST longcat 2026-09-06 17:24:34 UTC =====
[91m[1mError: [0m{
  "name": "UnknownError",
  "data": {
    "message": "Unexpected server error. Check server logs for details.",
    "ref": "err_4768ada7"
  }
}
===== ANALYST longcat 2026-09-06 19:36:36 UTC =====
[91m[1mError: [0m{
  "name": "UnknownError",
  "data": {
    "message": "Unexpected server error. Check server logs for details.",
    "ref": "err_070ff619"
  }
}
===== ANALYST longcat 2026-09-06 21:44:35 UTC =====
[91m[1mError: [0m{
  "name": "UnknownError",
  "data": {
    "message": "Unexpected server error. Check server logs for details.",
    "ref": "err_cc506bec"
  }
}
