===== ANALYST ling3 2026-09-03 17:18:26 UTC =====
[91m[1mError: [0m{
  "name": "UnknownError",
  "data": {
    "message": "Unexpected server error. Check server logs for details.",
    "ref": "err_8211a518"
  }
}
===== ANALYST ling3 2026-09-03 20:05:21 UTC =====
[91m[1mError: [0m{
  "name": "UnknownError",
  "data": {
    "message": "Unexpected server error. Check server logs for details.",
    "ref": "err_af29f188"
  }
}
===== ANALYST ling3 2026-09-03 22:40:48 UTC =====
[91m[1mError: [0m{
  "name": "UnknownError",
  "data": {
    "message": "Unexpected server error. Check server logs for details.",
    "ref": "err_cfd906fe"
  }
}
===== ANALYST ling3 2026-09-04 00:31:27 UTC =====
[91m[1mError: [0m{
  "name": "UnknownError",
  "data": {
    "message": "Unexpected server error. Check server logs for details.",
    "ref": "err_699dccd5"
  }
}
===== ANALYST ling3 2026-09-04 05:08:52 UTC =====
[91m[1mError: [0m{
  "name": "UnknownError",
  "data": {
    "message": "Unexpected server error. Check server logs for details.",
    "ref": "err_6b37354d"
  }
}
===== ANALYST ling3 2026-09-04 09:52:31 UTC =====
[91m[1mError: [0m{
  "name": "UnknownError",
  "data": {
    "message": "Unexpected server error. Check server logs for details.",
    "ref": "err_f2d5f6a3"
  }
}
===== ANALYST ling3 2026-09-04 14:20:04 UTC =====
[91m[1mError: [0m{
  "name": "UnknownError",
  "data": {
    "message": "Unexpected server error. Check server logs for details.",
    "ref": "err_4c126840"
  }
}
===== ANALYST ling3 2026-09-04 17:53:31 UTC =====
[91m[1mError: [0m{
  "name": "UnknownError",
  "data": {
    "message": "Unexpected server error. Check server logs for details.",
    "ref": "err_ebaba4b1"
  }
}
===== ANALYST ling3 2026-09-04 20:00:09 UTC =====
[91m[1mError: [0m{
  "name": "UnknownError",
  "data": {
    "message": "Unexpected server error. Check server logs for details.",
    "ref": "err_8095738d"
  }
}
